/local/projects-t3/lilab/vmenon/anaconda3/envs/perturbseq-pipeline/lib/python3.11/site-packages/scanpy/tools/_rank_genes_groups.py:458: PerformanceWarning: DataFrame is highly fragmented.  This is usually the result of calling `frame.insert` many times, which has poor performance.  Consider joining all columns at once using pd.concat(axis=1) instead. To get a de-fragmented frame, use `newframe = frame.copy()`
  self.stats[group_name, "names"] = self.var_names[global_indices]
/local/projects-t3/lilab/vmenon/anaconda3/envs/perturbseq-pipeline/lib/python3.11/site-packages/scanpy/tools/_rank_genes_groups.py:460: PerformanceWarning: DataFrame is highly fragmented.  This is usually the result of calling `frame.insert` many times, which has poor performance.  Consider joining all columns at once using pd.concat(axis=1) instead. To get a de-fragmented frame, use `newframe = frame.copy()`
  self.stats[group_name, "scores"] = scores[global_indices]
/local/projects-t3/lilab/vmenon/anaconda3/envs/perturbseq-pipeline/lib/python3.11/site-packages/scanpy/tools/_rank_genes_groups.py:463: PerformanceWarning: DataFrame is highly fragmented.  This is usually the result of calling `frame.insert` many times, which has poor performance.  Consider joining all columns at once using pd.concat(axis=1) instead. To get a de-fragmented frame, use `newframe = frame.copy()`
  self.stats[group_name, "pvals"] = pvals[global_indices]
/local/projects-t3/lilab/vmenon/anaconda3/envs/perturbseq-pipeline/lib/python3.11/site-packages/scanpy/tools/_rank_genes_groups.py:473: PerformanceWarning: DataFrame is highly fragmented.  This is usually the result of calling `frame.insert` many times, which has poor performance.  Consider joining all columns at once using pd.concat(axis=1) instead. To get a de-fragmented frame, use `newframe = frame.copy()`
  self.stats[group_name, "pvals_adj"] = pvals_adj[global_indices]
/local/projects-t3/lilab/vmenon/anaconda3/envs/perturbseq-pipeline/lib/python3.11/site-packages/scanpy/tools/_rank_genes_groups.py:484: PerformanceWarning: DataFrame is highly fragmented.  This is usually the result of calling `frame.insert` many times, which has poor performance.  Consider joining all columns at once using pd.concat(axis=1) instead. To get a de-fragmented frame, use `newframe = frame.copy()`
  self.stats[group_name, "logfoldchanges"] = np.log2(
/local/projects-t3/lilab/vmenon/anaconda3/envs/perturbseq-pipeline/lib/python3.11/site-packages/scanpy/tools/_rank_genes_groups.py:458: PerformanceWarning: DataFrame is highly fragmented.  This is usually the result of calling `frame.insert` many times, which has poor performance.  Consider joining all columns at once using pd.concat(axis=1) instead. To get a de-fragmented frame, use `newframe = frame.copy()`
  self.stats[group_name, "names"] = self.var_names[global_indices]
/local/projects-t3/lilab/vmenon/anaconda3/envs/perturbseq-pipeline/lib/python3.11/site-packages/scanpy/tools/_rank_genes_groups.py:460: PerformanceWarning: DataFrame is highly fragmented.  This is usually the result of calling `frame.insert` many times, which has poor performance.  Consider joining all columns at once using pd.concat(axis=1) instead. To get a de-fragmented frame, use `newframe = frame.copy()`
  self.stats[group_name, "scores"] = scores[global_indices]
/local/projects-t3/lilab/vmenon/anaconda3/envs/perturbseq-pipeline/lib/python3.11/site-packages/scanpy/tools/_rank_genes_groups.py:463: PerformanceWarning: DataFrame is highly fragmented.  This is usually the result of calling `frame.insert` many times, which has poor performance.  Consider joining all columns at once using pd.concat(axis=1) instead. To get a de-fragmented frame, use `newframe = frame.copy()`
  self.stats[group_name, "pvals"] = pvals[global_indices]
/local/projects-t3/lilab/vmenon/anaconda3/envs/perturbseq-pipeline/lib/python3.11/site-packages/scanpy/tools/_rank_genes_groups.py:473: PerformanceWarning: DataFrame is highly fragmented.  This is usually the result of calling `frame.insert` many times, which has poor performance.  Consider joining all columns at once using pd.concat(axis=1) instead. To get a de-fragmented frame, use `newframe = frame.copy()`
  self.stats[group_name, "pvals_adj"] = pvals_adj[global_indices]
/local/projects-t3/lilab/vmenon/anaconda3/envs/perturbseq-pipeline/lib/python3.11/site-packages/scanpy/tools/_rank_genes_groups.py:484: PerformanceWarning: DataFrame is highly fragmented.  This is usually the result of calling `frame.insert` many times, which has poor performance.  Consider joining all columns at once using pd.concat(axis=1) instead. To get a de-fragmented frame, use `newframe = frame.copy()`
  self.stats[group_name, "logfoldchanges"] = np.log2(
/local/projects-t3/lilab/vmenon/anaconda3/envs/perturbseq-pipeline/lib/python3.11/site-packages/scanpy/tools/_rank_genes_groups.py:458: PerformanceWarning: DataFrame is highly fragmented.  This is usually the result of calling `frame.insert` many times, which has poor performance.  Consider joining all columns at once using pd.concat(axis=1) instead. To get a de-fragmented frame, use `newframe = frame.copy()`
  self.stats[group_name, "names"] = self.var_names[global_indices]
/local/projects-t3/lilab/vmenon/anaconda3/envs/perturbseq-pipeline/lib/python3.11/site-packages/scanpy/tools/_rank_genes_groups.py:460: PerformanceWarning: DataFrame is highly fragmented.  This is usually the result of calling `frame.insert` many times, which has poor performance.  Consider joining all columns at once using pd.concat(axis=1) instead. To get a de-fragmented frame, use `newframe = frame.copy()`
  self.stats[group_name, "scores"] = scores[global_indices]
/local/projects-t3/lilab/vmenon/anaconda3/envs/perturbseq-pipeline/lib/python3.11/site-packages/scanpy/tools/_rank_genes_groups.py:463: PerformanceWarning: DataFrame is highly fragmented.  This is usually the result of calling `frame.insert` many times, which has poor performance.  Consider joining all columns at once using pd.concat(axis=1) instead. To get a de-fragmented frame, use `newframe = frame.copy()`
  self.stats[group_name, "pvals"] = pvals[global_indices]
/local/projects-t3/lilab/vmenon/anaconda3/envs/perturbseq-pipeline/lib/python3.11/site-packages/scanpy/tools/_rank_genes_groups.py:473: PerformanceWarning: DataFrame is highly fragmented.  This is usually the result of calling `frame.insert` many times, which has poor performance.  Consider joining all columns at once using pd.concat(axis=1) instead. To get a de-fragmented frame, use `newframe = frame.copy()`
  self.stats[group_name, "pvals_adj"] = pvals_adj[global_indices]
/local/projects-t3/lilab/vmenon/anaconda3/envs/perturbseq-pipeline/lib/python3.11/site-packages/scanpy/tools/_rank_genes_groups.py:484: PerformanceWarning: DataFrame is highly fragmented.  This is usually the result of calling `frame.insert` many times, which has poor performance.  Consider joining all columns at once using pd.concat(axis=1) instead. To get a de-fragmented frame, use `newframe = frame.copy()`
  self.stats[group_name, "logfoldchanges"] = np.log2(
/local/projects-t3/lilab/vmenon/anaconda3/envs/perturbseq-pipeline/lib/python3.11/site-packages/scanpy/tools/_rank_genes_groups.py:458: PerformanceWarning: DataFrame is highly fragmented.  This is usually the result of calling `frame.insert` many times, which has poor performance.  Consider joining all columns at once using pd.concat(axis=1) instead. To get a de-fragmented frame, use `newframe = frame.copy()`
  self.stats[group_name, "names"] = self.var_names[global_indices]
/local/projects-t3/lilab/vmenon/anaconda3/envs/perturbseq-pipeline/lib/python3.11/site-packages/scanpy/tools/_rank_genes_groups.py:460: PerformanceWarning: DataFrame is highly fragmented.  This is usually the result of calling `frame.insert` many times, which has poor performance.  Consider joining all columns at once using pd.concat(axis=1) instead. To get a de-fragmented frame, use `newframe = frame.copy()`
  self.stats[group_name, "scores"] = scores[global_indices]
/local/projects-t3/lilab/vmenon/anaconda3/envs/perturbseq-pipeline/lib/python3.11/site-packages/scanpy/tools/_rank_genes_groups.py:463: PerformanceWarning: DataFrame is highly fragmented.  This is usually the result of calling `frame.insert` many times, which has poor performance.  Consider joining all columns at once using pd.concat(axis=1) instead. To get a de-fragmented frame, use `newframe = frame.copy()`
  self.stats[group_name, "pvals"] = pvals[global_indices]
/local/projects-t3/lilab/vmenon/anaconda3/envs/perturbseq-pipeline/lib/python3.11/site-packages/scanpy/tools/_rank_genes_groups.py:473: PerformanceWarning: DataFrame is highly fragmented.  This is usually the result of calling `frame.insert` many times, which has poor performance.  Consider joining all columns at once using pd.concat(axis=1) instead. To get a de-fragmented frame, use `newframe = frame.copy()`
  self.stats[group_name, "pvals_adj"] = pvals_adj[global_indices]
/local/projects-t3/lilab/vmenon/anaconda3/envs/perturbseq-pipeline/lib/python3.11/site-packages/scanpy/tools/_rank_genes_groups.py:484: PerformanceWarning: DataFrame is highly fragmented.  This is usually the result of calling `frame.insert` many times, which has poor performance.  Consider joining all columns at once using pd.concat(axis=1) instead. To get a de-fragmented frame, use `newframe = frame.copy()`
  self.stats[group_name, "logfoldchanges"] = np.log2(
/local/projects-t3/lilab/vmenon/anaconda3/envs/perturbseq-pipeline/lib/python3.11/site-packages/scanpy/tools/_rank_genes_groups.py:458: PerformanceWarning: DataFrame is highly fragmented.  This is usually the result of calling `frame.insert` many times, which has poor performance.  Consider joining all columns at once using pd.concat(axis=1) instead. To get a de-fragmented frame, use `newframe = frame.copy()`
  self.stats[group_name, "names"] = self.var_names[global_indices]
/local/projects-t3/lilab/vmenon/anaconda3/envs/perturbseq-pipeline/lib/python3.11/site-packages/scanpy/tools/_rank_genes_groups.py:460: PerformanceWarning: DataFrame is highly fragmented.  This is usually the result of calling `frame.insert` many times, which has poor performance.  Consider joining all columns at once using pd.concat(axis=1) instead. To get a de-fragmented frame, use `newframe = frame.copy()`
  self.stats[group_name, "scores"] = scores[global_indices]
/local/projects-t3/lilab/vmenon/anaconda3/envs/perturbseq-pipeline/lib/python3.11/site-packages/scanpy/tools/_rank_genes_groups.py:463: PerformanceWarning: DataFrame is highly fragmented.  This is usually the result of calling `frame.insert` many times, which has poor performance.  Consider joining all columns at once using pd.concat(axis=1) instead. To get a de-fragmented frame, use `newframe = frame.copy()`
  self.stats[group_name, "pvals"] = pvals[global_indices]
/local/projects-t3/lilab/vmenon/anaconda3/envs/perturbseq-pipeline/lib/python3.11/site-packages/scanpy/tools/_rank_genes_groups.py:473: PerformanceWarning: DataFrame is highly fragmented.  This is usually the result of calling `frame.insert` many times, which has poor performance.  Consider joining all columns at once using pd.concat(axis=1) instead. To get a de-fragmented frame, use `newframe = frame.copy()`
  self.stats[group_name, "pvals_adj"] = pvals_adj[global_indices]
/local/projects-t3/lilab/vmenon/anaconda3/envs/perturbseq-pipeline/lib/python3.11/site-packages/scanpy/tools/_rank_genes_groups.py:484: PerformanceWarning: DataFrame is highly fragmented.  This is usually the result of calling `frame.insert` many times, which has poor performance.  Consider joining all columns at once using pd.concat(axis=1) instead. To get a de-fragmented frame, use `newframe = frame.copy()`
  self.stats[group_name, "logfoldchanges"] = np.log2(
/local/projects-t3/lilab/vmenon/anaconda3/envs/perturbseq-pipeline/lib/python3.11/site-packages/scanpy/tools/_rank_genes_groups.py:458: PerformanceWarning: DataFrame is highly fragmented.  This is usually the result of calling `frame.insert` many times, which has poor performance.  Consider joining all columns at once using pd.concat(axis=1) instead. To get a de-fragmented frame, use `newframe = frame.copy()`
  self.stats[group_name, "names"] = self.var_names[global_indices]
/local/projects-t3/lilab/vmenon/anaconda3/envs/perturbseq-pipeline/lib/python3.11/site-packages/scanpy/tools/_rank_genes_groups.py:460: PerformanceWarning: DataFrame is highly fragmented.  This is usually the result of calling `frame.insert` many times, which has poor performance.  Consider joining all columns at once using pd.concat(axis=1) instead. To get a de-fragmented frame, use `newframe = frame.copy()`
  self.stats[group_name, "scores"] = scores[global_indices]
/local/projects-t3/lilab/vmenon/anaconda3/envs/perturbseq-pipeline/lib/python3.11/site-packages/scanpy/tools/_rank_genes_groups.py:463: PerformanceWarning: DataFrame is highly fragmented.  This is usually the result of calling `frame.insert` many times, which has poor performance.  Consider joining all columns at once using pd.concat(axis=1) instead. To get a de-fragmented frame, use `newframe = frame.copy()`
  self.stats[group_name, "pvals"] = pvals[global_indices]
/local/projects-t3/lilab/vmenon/anaconda3/envs/perturbseq-pipeline/lib/python3.11/site-packages/scanpy/tools/_rank_genes_groups.py:473: PerformanceWarning: DataFrame is highly fragmented.  This is usually the result of calling `frame.insert` many times, which has poor performance.  Consider joining all columns at once using pd.concat(axis=1) instead. To get a de-fragmented frame, use `newframe = frame.copy()`
  self.stats[group_name, "pvals_adj"] = pvals_adj[global_indices]
/local/projects-t3/lilab/vmenon/anaconda3/envs/perturbseq-pipeline/lib/python3.11/site-packages/scanpy/tools/_rank_genes_groups.py:484: PerformanceWarning: DataFrame is highly fragmented.  This is usually the result of calling `frame.insert` many times, which has poor performance.  Consider joining all columns at once using pd.concat(axis=1) instead. To get a de-fragmented frame, use `newframe = frame.copy()`
  self.stats[group_name, "logfoldchanges"] = np.log2(
/autofs/projects-t3/lilab/vmenon/PertTF-Virtual-Challeng-Weilab/perturbseq-pipeline/src/perturbseq_pipeline/modules.py:721: FutureWarning: The default of observed=False is deprecated and will be changed to True in a future version of pandas. Pass observed=False to retain current behavior or observed=True to adopt the future default and silence this warning.
  df.groupby(
